// Jest Snapshot v1, https://goo.gl/fbAQLP

exports[`<NavLinks /> should match snapshot 1`] = `
Array [
  .c0 {
  display: block;
  -webkit-text-decoration: none;
  text-decoration: none;
  font-size: 1.6rem;
  padding: 1.6rem;
  color: #000926;
  position: relative;
}

.c0::after {
  content: '';
  position: absolute;
  bottom: 0;
  left: 50%;
  width: 0%;
  height: 0.2rem;
  background: #dc143c;
  -webkit-transition: all 300ms ease-in-out;
  transition: all 300ms ease-in-out;
}

.c0:hover::after {
  left: 25%;
  width: 50%;
}

@media (max-width:758px) {

}

<a
    class="c0"
    href="#target1"
  >
    In√≠cio
  </a>,
  .c0 {
  display: block;
  -webkit-text-decoration: none;
  text-decoration: none;
  font-size: 1.6rem;
  padding: 1.6rem;
  color: #000926;
  position: relative;
}

.c0::after {
  content: '';
  position: absolute;
  bottom: 0;
  left: 50%;
  width: 0%;
  height: 0.2rem;
  background: #dc143c;
  -webkit-transition: all 300ms ease-in-out;
  transition: all 300ms ease-in-out;
}

.c0:hover::after {
  left: 25%;
  width: 50%;
}

@media (max-width:758px) {

}

<a
    class="c0"
    href="#target2"
  >
    Link 2
  </a>,
  .c0 {
  display: block;
  -webkit-text-decoration: none;
  text-decoration: none;
  font-size: 1.6rem;
  padding: 1.6rem;
  color: #000926;
  position: relative;
}

.c0::after {
  content: '';
  position: absolute;
  bottom: 0;
  left: 50%;
  width: 0%;
  height: 0.2rem;
  background: #dc143c;
  -webkit-transition: all 300ms ease-in-out;
  transition: all 300ms ease-in-out;
}

.c0:hover::after {
  left: 25%;
  width: 50%;
}

@media (max-width:758px) {

}

<a
    class="c0"
    href="#target3"
  >
    Link 3
  </a>,
  .c0 {
  display: block;
  -webkit-text-decoration: none;
  text-decoration: none;
  font-size: 1.6rem;
  padding: 1.6rem;
  color: #000926;
  position: relative;
}

.c0::after {
  content: '';
  position: absolute;
  bottom: 0;
  left: 50%;
  width: 0%;
  height: 0.2rem;
  background: #dc143c;
  -webkit-transition: all 300ms ease-in-out;
  transition: all 300ms ease-in-out;
}

.c0:hover::after {
  left: 25%;
  width: 50%;
}

@media (max-width:758px) {

}

<a
    class="c0"
    href="#target4"
  >
    Link 4
  </a>,
  .c0 {
  display: block;
  -webkit-text-decoration: none;
  text-decoration: none;
  font-size: 1.6rem;
  padding: 1.6rem;
  color: #000926;
  position: relative;
}

.c0::after {
  content: '';
  position: absolute;
  bottom: 0;
  left: 50%;
  width: 0%;
  height: 0.2rem;
  background: #dc143c;
  -webkit-transition: all 300ms ease-in-out;
  transition: all 300ms ease-in-out;
}

.c0:hover::after {
  left: 25%;
  width: 50%;
}

@media (max-width:758px) {

}

<a
    class="c0"
    href="#target5"
  >
    Link 5
  </a>,
  .c0 {
  display: block;
  -webkit-text-decoration: none;
  text-decoration: none;
  font-size: 1.6rem;
  padding: 1.6rem;
  color: #000926;
  position: relative;
}

.c0::after {
  content: '';
  position: absolute;
  bottom: 0;
  left: 50%;
  width: 0%;
  height: 0.2rem;
  background: #dc143c;
  -webkit-transition: all 300ms ease-in-out;
  transition: all 300ms ease-in-out;
}

.c0:hover::after {
  left: 25%;
  width: 50%;
}

@media (max-width:758px) {

}

<a
    class="c0"
    href="#target6"
  >
    Link 6
  </a>,
]
`;
